mode: set
github.com/pepese/golang-sample/unit-testing/app/sample.go:9.34,12.2 2 1
